Archive member included to satisfy reference by file (symbol)

c:/program files/microchip/xc8/v2.31/avr/bin/../lib/gcc/avr/5.4.0/../../../../avr/lib/avr25/memx-const\libm.a(divsf3.o)
                              bhmUtils/bhmUtils.o (__divsf3)
c:/program files/microchip/xc8/v2.31/avr/bin/../lib/gcc/avr/5.4.0/../../../../avr/lib/avr25/memx-const\libm.a(divsf3x.o)
                              c:/program files/microchip/xc8/v2.31/avr/bin/../lib/gcc/avr/5.4.0/../../../../avr/lib/avr25/memx-const\libm.a(divsf3.o) (__divsf3x)
c:/program files/microchip/xc8/v2.31/avr/bin/../lib/gcc/avr/5.4.0/../../../../avr/lib/avr25/memx-const\libm.a(fixunssfsi.o)
                              bhmUtils/bhmUtils.o (__fixunssfsi)
c:/program files/microchip/xc8/v2.31/avr/bin/../lib/gcc/avr/5.4.0/../../../../avr/lib/avr25/memx-const\libm.a(floatsisf.o)
                              bhmUtils/bhmUtils.o (__floatunsisf)
c:/program files/microchip/xc8/v2.31/avr/bin/../lib/gcc/avr/5.4.0/../../../../avr/lib/avr25/memx-const\libm.a(fp_inf.o)
                              c:/program files/microchip/xc8/v2.31/avr/bin/../lib/gcc/avr/5.4.0/../../../../avr/lib/avr25/memx-const\libm.a(divsf3x.o) (__fp_inf)
c:/program files/microchip/xc8/v2.31/avr/bin/../lib/gcc/avr/5.4.0/../../../../avr/lib/avr25/memx-const\libm.a(fp_nan.o)
                              c:/program files/microchip/xc8/v2.31/avr/bin/../lib/gcc/avr/5.4.0/../../../../avr/lib/avr25/memx-const\libm.a(divsf3x.o) (__fp_nan)
c:/program files/microchip/xc8/v2.31/avr/bin/../lib/gcc/avr/5.4.0/../../../../avr/lib/avr25/memx-const\libm.a(fp_pscA.o)
                              c:/program files/microchip/xc8/v2.31/avr/bin/../lib/gcc/avr/5.4.0/../../../../avr/lib/avr25/memx-const\libm.a(divsf3x.o) (__fp_pscA)
c:/program files/microchip/xc8/v2.31/avr/bin/../lib/gcc/avr/5.4.0/../../../../avr/lib/avr25/memx-const\libm.a(fp_pscB.o)
                              c:/program files/microchip/xc8/v2.31/avr/bin/../lib/gcc/avr/5.4.0/../../../../avr/lib/avr25/memx-const\libm.a(divsf3x.o) (__fp_pscB)
c:/program files/microchip/xc8/v2.31/avr/bin/../lib/gcc/avr/5.4.0/../../../../avr/lib/avr25/memx-const\libm.a(fp_round.o)
                              c:/program files/microchip/xc8/v2.31/avr/bin/../lib/gcc/avr/5.4.0/../../../../avr/lib/avr25/memx-const\libm.a(divsf3.o) (__fp_round)
c:/program files/microchip/xc8/v2.31/avr/bin/../lib/gcc/avr/5.4.0/../../../../avr/lib/avr25/memx-const\libm.a(fp_split3.o)
                              c:/program files/microchip/xc8/v2.31/avr/bin/../lib/gcc/avr/5.4.0/../../../../avr/lib/avr25/memx-const\libm.a(divsf3x.o) (__fp_split3)
c:/program files/microchip/xc8/v2.31/avr/bin/../lib/gcc/avr/5.4.0/../../../../avr/lib/avr25/memx-const\libm.a(fp_zero.o)
                              c:/program files/microchip/xc8/v2.31/avr/bin/../lib/gcc/avr/5.4.0/../../../../avr/lib/avr25/memx-const\libm.a(fixunssfsi.o) (__fp_zero)
c:/program files/microchip/xc8/v2.31/avr/bin/../lib/gcc/avr/5.4.0/../../../../avr/lib/avr25/memx-const\libm.a(mulsf3.o)
                              bhmUtils/bhmUtils.o (__mulsf3)
c:/program files/microchip/xc8/v2.31/avr/bin/../lib/gcc/avr/5.4.0/../../../../avr/lib/avr25/memx-const\libm.a(mulsf3x.o)
                              c:/program files/microchip/xc8/v2.31/avr/bin/../lib/gcc/avr/5.4.0/../../../../avr/lib/avr25/memx-const\libm.a(mulsf3.o) (__mulsf3x)
c:/program files/microchip/xc8/v2.31/avr/bin/../lib/gcc/avr/5.4.0/avr25/memx-const\libgcc.a(_mulqi3.o)
                              font/fnt.o (__mulqi3)
c:/program files/microchip/xc8/v2.31/avr/bin/../lib/gcc/avr/5.4.0/avr25/memx-const\libgcc.a(_mulsi3.o)
                              bhmUtils/bhmUtils.o (__mulsi3)
c:/program files/microchip/xc8/v2.31/avr/bin/../lib/gcc/avr/5.4.0/avr25/memx-const\libgcc.a(_udivmodqi4.o)
                              bhmUtils/bhmDisplay.o (__udivmodqi4)
c:/program files/microchip/xc8/v2.31/avr/bin/../lib/gcc/avr/5.4.0/avr25/memx-const\libgcc.a(_udivmodsi4.o)
                              bhmUtils/bhmDisplay.o (__udivmodsi4)
c:/program files/microchip/xc8/v2.31/avr/bin/../lib/gcc/avr/5.4.0/avr25/memx-const\libgcc.a(_exit.o)
                              C:/Program Files (x86)/Atmel/Studio/7.0/Packs/atmel/ATtiny_DFP/1.8.332/xc8/avr/lib/avr25/memx-const/crtattiny45.o (exit)
c:/program files/microchip/xc8/v2.31/avr/bin/../lib/gcc/avr/5.4.0/avr25/memx-const\libgcc.a(_copy_data.o)
                              bhmUtils/ADCscale.o (__do_copy_data)

Allocating common symbols
Common symbol       size              file

xfer_type           0x1               batteryHealthMonitor.o
adc_mode            0x1               bhmUtils/bhmUtils.o
adc_pin             0x1               bhmUtils/bhmUtils.o

Discarded input sections

 .data          0x0000000000000000        0x0 C:/Program Files (x86)/Atmel/Studio/7.0/Packs/atmel/ATtiny_DFP/1.8.332/xc8/avr/lib/avr25/memx-const/crtattiny45.o
 .bss           0x0000000000000000        0x0 C:/Program Files (x86)/Atmel/Studio/7.0/Packs/atmel/ATtiny_DFP/1.8.332/xc8/avr/lib/avr25/memx-const/crtattiny45.o
 .text          0x0000000000000000        0x0 batteryHealthMonitor.o
 .data          0x0000000000000000        0x0 batteryHealthMonitor.o
 .bss           0x0000000000000000        0x0 batteryHealthMonitor.o
 .text.WDT_interrupt_enable
                0x0000000000000000        0x8 batteryHealthMonitor.o
 .text.WDT_interrupt_disable
                0x0000000000000000        0x6 batteryHealthMonitor.o
 .text.configure_WDT_interrupt
                0x0000000000000000        0x8 batteryHealthMonitor.o
 .text.sleep_pause
                0x0000000000000000       0x1e batteryHealthMonitor.o
 COMMON         0x0000000000000000        0x1 batteryHealthMonitor.o
 .text          0x0000000000000000        0x0 bhmUtils/ADCscale.o
 .data          0x0000000000000000        0x0 bhmUtils/ADCscale.o
 .bss           0x0000000000000000        0x0 bhmUtils/ADCscale.o
 .data.minV     0x0000000000000000        0x4 bhmUtils/ADCscale.o
 .data.maxV     0x0000000000000000        0x4 bhmUtils/ADCscale.o
 .text          0x0000000000000000        0x0 bhmUtils/bhmDisplay.o
 .data          0x0000000000000000        0x0 bhmUtils/bhmDisplay.o
 .bss           0x0000000000000000        0x0 bhmUtils/bhmDisplay.o
 .data.time_txt
                0x0000000000000000        0x9 bhmUtils/bhmDisplay.o
 .data.charge_txt
                0x0000000000000000        0x6 bhmUtils/bhmDisplay.o
 .text          0x0000000000000000        0x0 bhmUtils/bhmUtils.o
 .data          0x0000000000000000        0x0 bhmUtils/bhmUtils.o
 .bss           0x0000000000000000        0x0 bhmUtils/bhmUtils.o
 .text.battery_charge
                0x0000000000000000        0x4 bhmUtils/bhmUtils.o
 COMMON         0x0000000000000000        0x2 bhmUtils/bhmUtils.o
 .text          0x0000000000000000        0x0 font/fnt.o
 .data          0x0000000000000000        0x0 font/fnt.o
 .bss           0x0000000000000000        0x0 font/fnt.o
 .text          0x0000000000000000        0x0 SSD1306_driver/SSD1306_driver.o
 .data          0x0000000000000000        0x0 SSD1306_driver/SSD1306_driver.o
 .bss           0x0000000000000000        0x0 SSD1306_driver/SSD1306_driver.o
 .text.SSD1306_reset_cursor
                0x0000000000000000        0xe SSD1306_driver/SSD1306_driver.o
 .text.SSD1306_set_brightness
                0x0000000000000000       0x12 SSD1306_driver/SSD1306_driver.o
 .data.brightness_cmd
                0x0000000000000000        0x4 SSD1306_driver/SSD1306_driver.o
 .text          0x0000000000000000        0x0 TinyADC/TinyADC.o
 .data          0x0000000000000000        0x0 TinyADC/TinyADC.o
 .bss           0x0000000000000000        0x0 TinyADC/TinyADC.o
 .text.adc_enable
                0x0000000000000000        0x4 TinyADC/TinyADC.o
 .text.adc_pause
                0x0000000000000000        0x6 TinyADC/TinyADC.o
 .text          0x0000000000000000        0x0 TinyEeprom/TinyEeprom.o
 .data          0x0000000000000000        0x0 TinyEeprom/TinyEeprom.o
 .bss           0x0000000000000000        0x0 TinyEeprom/TinyEeprom.o
 .text.eeprom_read_byte
                0x0000000000000000        0x8 TinyEeprom/TinyEeprom.o
 .text          0x0000000000000000        0x0 TinyTWI/TinyTWI.o
 .data          0x0000000000000000        0x0 TinyTWI/TinyTWI.o
 .bss           0x0000000000000000        0x0 TinyTWI/TinyTWI.o
 .text          0x0000000000000000        0x0 c:/program files/microchip/xc8/v2.31/avr/bin/../lib/gcc/avr/5.4.0/../../../../avr/lib/avr25/memx-const\libm.a(divsf3.o)
 .data          0x0000000000000000        0x0 c:/program files/microchip/xc8/v2.31/avr/bin/../lib/gcc/avr/5.4.0/../../../../avr/lib/avr25/memx-const\libm.a(divsf3.o)
 .bss           0x0000000000000000        0x0 c:/program files/microchip/xc8/v2.31/avr/bin/../lib/gcc/avr/5.4.0/../../../../avr/lib/avr25/memx-const\libm.a(divsf3.o)
 .text          0x0000000000000000        0x0 c:/program files/microchip/xc8/v2.31/avr/bin/../lib/gcc/avr/5.4.0/../../../../avr/lib/avr25/memx-const\libm.a(divsf3x.o)
 .data          0x0000000000000000        0x0 c:/program files/microchip/xc8/v2.31/avr/bin/../lib/gcc/avr/5.4.0/../../../../avr/lib/avr25/memx-const\libm.a(divsf3x.o)
 .bss           0x0000000000000000        0x0 c:/program files/microchip/xc8/v2.31/avr/bin/../lib/gcc/avr/5.4.0/../../../../avr/lib/avr25/memx-const\libm.a(divsf3x.o)
 .text          0x0000000000000000        0x0 c:/program files/microchip/xc8/v2.31/avr/bin/../lib/gcc/avr/5.4.0/../../../../avr/lib/avr25/memx-const\libm.a(fixunssfsi.o)
 .data          0x0000000000000000        0x0 c:/program files/microchip/xc8/v2.31/avr/bin/../lib/gcc/avr/5.4.0/../../../../avr/lib/avr25/memx-const\libm.a(fixunssfsi.o)
 .bss           0x0000000000000000        0x0 c:/program files/microchip/xc8/v2.31/avr/bin/../lib/gcc/avr/5.4.0/../../../../avr/lib/avr25/memx-const\libm.a(fixunssfsi.o)
 .text          0x0000000000000000        0x0 c:/program files/microchip/xc8/v2.31/avr/bin/../lib/gcc/avr/5.4.0/../../../../avr/lib/avr25/memx-const\libm.a(floatsisf.o)
 .data          0x0000000000000000        0x0 c:/program files/microchip/xc8/v2.31/avr/bin/../lib/gcc/avr/5.4.0/../../../../avr/lib/avr25/memx-const\libm.a(floatsisf.o)
 .bss           0x0000000000000000        0x0 c:/program files/microchip/xc8/v2.31/avr/bin/../lib/gcc/avr/5.4.0/../../../../avr/lib/avr25/memx-const\libm.a(floatsisf.o)
 .text          0x0000000000000000        0x0 c:/program files/microchip/xc8/v2.31/avr/bin/../lib/gcc/avr/5.4.0/../../../../avr/lib/avr25/memx-const\libm.a(fp_inf.o)
 .data          0x0000000000000000        0x0 c:/program files/microchip/xc8/v2.31/avr/bin/../lib/gcc/avr/5.4.0/../../../../avr/lib/avr25/memx-const\libm.a(fp_inf.o)
 .bss           0x0000000000000000        0x0 c:/program files/microchip/xc8/v2.31/avr/bin/../lib/gcc/avr/5.4.0/../../../../avr/lib/avr25/memx-const\libm.a(fp_inf.o)
 .text          0x0000000000000000        0x0 c:/program files/microchip/xc8/v2.31/avr/bin/../lib/gcc/avr/5.4.0/../../../../avr/lib/avr25/memx-const\libm.a(fp_nan.o)
 .data          0x0000000000000000        0x0 c:/program files/microchip/xc8/v2.31/avr/bin/../lib/gcc/avr/5.4.0/../../../../avr/lib/avr25/memx-const\libm.a(fp_nan.o)
 .bss           0x0000000000000000        0x0 c:/program files/microchip/xc8/v2.31/avr/bin/../lib/gcc/avr/5.4.0/../../../../avr/lib/avr25/memx-const\libm.a(fp_nan.o)
 .text          0x0000000000000000        0x0 c:/program files/microchip/xc8/v2.31/avr/bin/../lib/gcc/avr/5.4.0/../../../../avr/lib/avr25/memx-const\libm.a(fp_pscA.o)
 .data          0x0000000000000000        0x0 c:/program files/microchip/xc8/v2.31/avr/bin/../lib/gcc/avr/5.4.0/../../../../avr/lib/avr25/memx-const\libm.a(fp_pscA.o)
 .bss           0x0000000000000000        0x0 c:/program files/microchip/xc8/v2.31/avr/bin/../lib/gcc/avr/5.4.0/../../../../avr/lib/avr25/memx-const\libm.a(fp_pscA.o)
 .text          0x0000000000000000        0x0 c:/program files/microchip/xc8/v2.31/avr/bin/../lib/gcc/avr/5.4.0/../../../../avr/lib/avr25/memx-const\libm.a(fp_pscB.o)
 .data          0x0000000000000000        0x0 c:/program files/microchip/xc8/v2.31/avr/bin/../lib/gcc/avr/5.4.0/../../../../avr/lib/avr25/memx-const\libm.a(fp_pscB.o)
 .bss           0x0000000000000000        0x0 c:/program files/microchip/xc8/v2.31/avr/bin/../lib/gcc/avr/5.4.0/../../../../avr/lib/avr25/memx-const\libm.a(fp_pscB.o)
 .text          0x0000000000000000        0x0 c:/program files/microchip/xc8/v2.31/avr/bin/../lib/gcc/avr/5.4.0/../../../../avr/lib/avr25/memx-const\libm.a(fp_round.o)
 .data          0x0000000000000000        0x0 c:/program files/microchip/xc8/v2.31/avr/bin/../lib/gcc/avr/5.4.0/../../../../avr/lib/avr25/memx-const\libm.a(fp_round.o)
 .bss           0x0000000000000000        0x0 c:/program files/microchip/xc8/v2.31/avr/bin/../lib/gcc/avr/5.4.0/../../../../avr/lib/avr25/memx-const\libm.a(fp_round.o)
 .text          0x0000000000000000        0x0 c:/program files/microchip/xc8/v2.31/avr/bin/../lib/gcc/avr/5.4.0/../../../../avr/lib/avr25/memx-const\libm.a(fp_split3.o)
 .data          0x0000000000000000        0x0 c:/program files/microchip/xc8/v2.31/avr/bin/../lib/gcc/avr/5.4.0/../../../../avr/lib/avr25/memx-const\libm.a(fp_split3.o)
 .bss           0x0000000000000000        0x0 c:/program files/microchip/xc8/v2.31/avr/bin/../lib/gcc/avr/5.4.0/../../../../avr/lib/avr25/memx-const\libm.a(fp_split3.o)
 .text          0x0000000000000000        0x0 c:/program files/microchip/xc8/v2.31/avr/bin/../lib/gcc/avr/5.4.0/../../../../avr/lib/avr25/memx-const\libm.a(fp_zero.o)
 .data          0x0000000000000000        0x0 c:/program files/microchip/xc8/v2.31/avr/bin/../lib/gcc/avr/5.4.0/../../../../avr/lib/avr25/memx-const\libm.a(fp_zero.o)
 .bss           0x0000000000000000        0x0 c:/program files/microchip/xc8/v2.31/avr/bin/../lib/gcc/avr/5.4.0/../../../../avr/lib/avr25/memx-const\libm.a(fp_zero.o)
 .text          0x0000000000000000        0x0 c:/program files/microchip/xc8/v2.31/avr/bin/../lib/gcc/avr/5.4.0/../../../../avr/lib/avr25/memx-const\libm.a(mulsf3.o)
 .data          0x0000000000000000        0x0 c:/program files/microchip/xc8/v2.31/avr/bin/../lib/gcc/avr/5.4.0/../../../../avr/lib/avr25/memx-const\libm.a(mulsf3.o)
 .bss           0x0000000000000000        0x0 c:/program files/microchip/xc8/v2.31/avr/bin/../lib/gcc/avr/5.4.0/../../../../avr/lib/avr25/memx-const\libm.a(mulsf3.o)
 .text          0x0000000000000000        0x0 c:/program files/microchip/xc8/v2.31/avr/bin/../lib/gcc/avr/5.4.0/../../../../avr/lib/avr25/memx-const\libm.a(mulsf3x.o)
 .data          0x0000000000000000        0x0 c:/program files/microchip/xc8/v2.31/avr/bin/../lib/gcc/avr/5.4.0/../../../../avr/lib/avr25/memx-const\libm.a(mulsf3x.o)
 .bss           0x0000000000000000        0x0 c:/program files/microchip/xc8/v2.31/avr/bin/../lib/gcc/avr/5.4.0/../../../../avr/lib/avr25/memx-const\libm.a(mulsf3x.o)
 .text          0x0000000000000000        0x0 c:/program files/microchip/xc8/v2.31/avr/bin/../lib/gcc/avr/5.4.0/avr25/memx-const\libgcc.a(_mulqi3.o)
 .data          0x0000000000000000        0x0 c:/program files/microchip/xc8/v2.31/avr/bin/../lib/gcc/avr/5.4.0/avr25/memx-const\libgcc.a(_mulqi3.o)
 .bss           0x0000000000000000        0x0 c:/program files/microchip/xc8/v2.31/avr/bin/../lib/gcc/avr/5.4.0/avr25/memx-const\libgcc.a(_mulqi3.o)
 .text.libgcc.div
                0x0000000000000000        0x0 c:/program files/microchip/xc8/v2.31/avr/bin/../lib/gcc/avr/5.4.0/avr25/memx-const\libgcc.a(_mulqi3.o)
 .text.libgcc   0x0000000000000000        0x0 c:/program files/microchip/xc8/v2.31/avr/bin/../lib/gcc/avr/5.4.0/avr25/memx-const\libgcc.a(_mulqi3.o)
 .text.libgcc.prologue
                0x0000000000000000        0x0 c:/program files/microchip/xc8/v2.31/avr/bin/../lib/gcc/avr/5.4.0/avr25/memx-const\libgcc.a(_mulqi3.o)
 .text.libgcc.builtins
                0x0000000000000000        0x0 c:/program files/microchip/xc8/v2.31/avr/bin/../lib/gcc/avr/5.4.0/avr25/memx-const\libgcc.a(_mulqi3.o)
 .text.libgcc.fmul
                0x0000000000000000        0x0 c:/program files/microchip/xc8/v2.31/avr/bin/../lib/gcc/avr/5.4.0/avr25/memx-const\libgcc.a(_mulqi3.o)
 .text.libgcc.fixed
                0x0000000000000000        0x0 c:/program files/microchip/xc8/v2.31/avr/bin/../lib/gcc/avr/5.4.0/avr25/memx-const\libgcc.a(_mulqi3.o)
 .text          0x0000000000000000        0x0 c:/program files/microchip/xc8/v2.31/avr/bin/../lib/gcc/avr/5.4.0/avr25/memx-const\libgcc.a(_mulsi3.o)
 .data          0x0000000000000000        0x0 c:/program files/microchip/xc8/v2.31/avr/bin/../lib/gcc/avr/5.4.0/avr25/memx-const\libgcc.a(_mulsi3.o)
 .bss           0x0000000000000000        0x0 c:/program files/microchip/xc8/v2.31/avr/bin/../lib/gcc/avr/5.4.0/avr25/memx-const\libgcc.a(_mulsi3.o)
 .text.libgcc.div
                0x0000000000000000        0x0 c:/program files/microchip/xc8/v2.31/avr/bin/../lib/gcc/avr/5.4.0/avr25/memx-const\libgcc.a(_mulsi3.o)
 .text.libgcc   0x0000000000000000        0x0 c:/program files/microchip/xc8/v2.31/avr/bin/../lib/gcc/avr/5.4.0/avr25/memx-const\libgcc.a(_mulsi3.o)
 .text.libgcc.prologue
                0x0000000000000000        0x0 c:/program files/microchip/xc8/v2.31/avr/bin/../lib/gcc/avr/5.4.0/avr25/memx-const\libgcc.a(_mulsi3.o)
 .text.libgcc.builtins
                0x0000000000000000        0x0 c:/program files/microchip/xc8/v2.31/avr/bin/../lib/gcc/avr/5.4.0/avr25/memx-const\libgcc.a(_mulsi3.o)
 .text.libgcc.fmul
                0x0000000000000000        0x0 c:/program files/microchip/xc8/v2.31/avr/bin/../lib/gcc/avr/5.4.0/avr25/memx-const\libgcc.a(_mulsi3.o)
 .text.libgcc.fixed
                0x0000000000000000        0x0 c:/program files/microchip/xc8/v2.31/avr/bin/../lib/gcc/avr/5.4.0/avr25/memx-const\libgcc.a(_mulsi3.o)
 .text          0x0000000000000000        0x0 c:/program files/microchip/xc8/v2.31/avr/bin/../lib/gcc/avr/5.4.0/avr25/memx-const\libgcc.a(_udivmodqi4.o)
 .data          0x0000000000000000        0x0 c:/program files/microchip/xc8/v2.31/avr/bin/../lib/gcc/avr/5.4.0/avr25/memx-const\libgcc.a(_udivmodqi4.o)
 .bss           0x0000000000000000        0x0 c:/program files/microchip/xc8/v2.31/avr/bin/../lib/gcc/avr/5.4.0/avr25/memx-const\libgcc.a(_udivmodqi4.o)
 .text.libgcc.mul
                0x0000000000000000        0x0 c:/program files/microchip/xc8/v2.31/avr/bin/../lib/gcc/avr/5.4.0/avr25/memx-const\libgcc.a(_udivmodqi4.o)
 .text.libgcc   0x0000000000000000        0x0 c:/program files/microchip/xc8/v2.31/avr/bin/../lib/gcc/avr/5.4.0/avr25/memx-const\libgcc.a(_udivmodqi4.o)
 .text.libgcc.prologue
                0x0000000000000000        0x0 c:/program files/microchip/xc8/v2.31/avr/bin/../lib/gcc/avr/5.4.0/avr25/memx-const\libgcc.a(_udivmodqi4.o)
 .text.libgcc.builtins
                0x0000000000000000        0x0 c:/program files/microchip/xc8/v2.31/avr/bin/../lib/gcc/avr/5.4.0/avr25/memx-const\libgcc.a(_udivmodqi4.o)
 .text.libgcc.fmul
                0x0000000000000000        0x0 c:/program files/microchip/xc8/v2.31/avr/bin/../lib/gcc/avr/5.4.0/avr25/memx-const\libgcc.a(_udivmodqi4.o)
 .text.libgcc.fixed
                0x0000000000000000        0x0 c:/program files/microchip/xc8/v2.31/avr/bin/../lib/gcc/avr/5.4.0/avr25/memx-const\libgcc.a(_udivmodqi4.o)
 .text          0x0000000000000000        0x0 c:/program files/microchip/xc8/v2.31/avr/bin/../lib/gcc/avr/5.4.0/avr25/memx-const\libgcc.a(_udivmodsi4.o)
 .data          0x0000000000000000        0x0 c:/program files/microchip/xc8/v2.31/avr/bin/../lib/gcc/avr/5.4.0/avr25/memx-const\libgcc.a(_udivmodsi4.o)
 .bss           0x0000000000000000        0x0 c:/program files/microchip/xc8/v2.31/avr/bin/../lib/gcc/avr/5.4.0/avr25/memx-const\libgcc.a(_udivmodsi4.o)
 .text.libgcc.mul
                0x0000000000000000        0x0 c:/program files/microchip/xc8/v2.31/avr/bin/../lib/gcc/avr/5.4.0/avr25/memx-const\libgcc.a(_udivmodsi4.o)
 .text.libgcc   0x0000000000000000        0x0 c:/program files/microchip/xc8/v2.31/avr/bin/../lib/gcc/avr/5.4.0/avr25/memx-const\libgcc.a(_udivmodsi4.o)
 .text.libgcc.prologue
                0x0000000000000000        0x0 c:/program files/microchip/xc8/v2.31/avr/bin/../lib/gcc/avr/5.4.0/avr25/memx-const\libgcc.a(_udivmodsi4.o)
 .text.libgcc.builtins
                0x0000000000000000        0x0 c:/program files/microchip/xc8/v2.31/avr/bin/../lib/gcc/avr/5.4.0/avr25/memx-const\libgcc.a(_udivmodsi4.o)
 .text.libgcc.fmul
                0x0000000000000000        0x0 c:/program files/microchip/xc8/v2.31/avr/bin/../lib/gcc/avr/5.4.0/avr25/memx-const\libgcc.a(_udivmodsi4.o)
 .text.libgcc.fixed
                0x0000000000000000        0x0 c:/program files/microchip/xc8/v2.31/avr/bin/../lib/gcc/avr/5.4.0/avr25/memx-const\libgcc.a(_udivmodsi4.o)
 .text          0x0000000000000000        0x0 c:/program files/microchip/xc8/v2.31/avr/bin/../lib/gcc/avr/5.4.0/avr25/memx-const\libgcc.a(_exit.o)
 .data          0x0000000000000000        0x0 c:/program files/microchip/xc8/v2.31/avr/bin/../lib/gcc/avr/5.4.0/avr25/memx-const\libgcc.a(_exit.o)
 .bss           0x0000000000000000        0x0 c:/program files/microchip/xc8/v2.31/avr/bin/../lib/gcc/avr/5.4.0/avr25/memx-const\libgcc.a(_exit.o)
 .text.libgcc.mul
                0x0000000000000000        0x0 c:/program files/microchip/xc8/v2.31/avr/bin/../lib/gcc/avr/5.4.0/avr25/memx-const\libgcc.a(_exit.o)
 .text.libgcc.div
                0x0000000000000000        0x0 c:/program files/microchip/xc8/v2.31/avr/bin/../lib/gcc/avr/5.4.0/avr25/memx-const\libgcc.a(_exit.o)
 .text.libgcc   0x0000000000000000        0x0 c:/program files/microchip/xc8/v2.31/avr/bin/../lib/gcc/avr/5.4.0/avr25/memx-const\libgcc.a(_exit.o)
 .text.libgcc.prologue
                0x0000000000000000        0x0 c:/program files/microchip/xc8/v2.31/avr/bin/../lib/gcc/avr/5.4.0/avr25/memx-const\libgcc.a(_exit.o)
 .text.libgcc.builtins
                0x0000000000000000        0x0 c:/program files/microchip/xc8/v2.31/avr/bin/../lib/gcc/avr/5.4.0/avr25/memx-const\libgcc.a(_exit.o)
 .text.libgcc.fmul
                0x0000000000000000        0x0 c:/program files/microchip/xc8/v2.31/avr/bin/../lib/gcc/avr/5.4.0/avr25/memx-const\libgcc.a(_exit.o)
 .text.libgcc.fixed
                0x0000000000000000        0x0 c:/program files/microchip/xc8/v2.31/avr/bin/../lib/gcc/avr/5.4.0/avr25/memx-const\libgcc.a(_exit.o)
 .text          0x0000000000000000        0x0 c:/program files/microchip/xc8/v2.31/avr/bin/../lib/gcc/avr/5.4.0/avr25/memx-const\libgcc.a(_copy_data.o)
 .data          0x0000000000000000        0x0 c:/program files/microchip/xc8/v2.31/avr/bin/../lib/gcc/avr/5.4.0/avr25/memx-const\libgcc.a(_copy_data.o)
 .bss           0x0000000000000000        0x0 c:/program files/microchip/xc8/v2.31/avr/bin/../lib/gcc/avr/5.4.0/avr25/memx-const\libgcc.a(_copy_data.o)
 .text.libgcc.mul
                0x0000000000000000        0x0 c:/program files/microchip/xc8/v2.31/avr/bin/../lib/gcc/avr/5.4.0/avr25/memx-const\libgcc.a(_copy_data.o)
 .text.libgcc.div
                0x0000000000000000        0x0 c:/program files/microchip/xc8/v2.31/avr/bin/../lib/gcc/avr/5.4.0/avr25/memx-const\libgcc.a(_copy_data.o)
 .text.libgcc   0x0000000000000000        0x0 c:/program files/microchip/xc8/v2.31/avr/bin/../lib/gcc/avr/5.4.0/avr25/memx-const\libgcc.a(_copy_data.o)
 .text.libgcc.prologue
                0x0000000000000000        0x0 c:/program files/microchip/xc8/v2.31/avr/bin/../lib/gcc/avr/5.4.0/avr25/memx-const\libgcc.a(_copy_data.o)
 .text.libgcc.builtins
                0x0000000000000000        0x0 c:/program files/microchip/xc8/v2.31/avr/bin/../lib/gcc/avr/5.4.0/avr25/memx-const\libgcc.a(_copy_data.o)
 .text.libgcc.fmul
                0x0000000000000000        0x0 c:/program files/microchip/xc8/v2.31/avr/bin/../lib/gcc/avr/5.4.0/avr25/memx-const\libgcc.a(_copy_data.o)
 .text.libgcc.fixed
                0x0000000000000000        0x0 c:/program files/microchip/xc8/v2.31/avr/bin/../lib/gcc/avr/5.4.0/avr25/memx-const\libgcc.a(_copy_data.o)

Memory Configuration

Name             Origin             Length             Attributes
text             0x0000000000000000 0x0000000000001000 xr
data             0x0000000000800060 0x0000000000000100 rw !x
eeprom           0x0000000000810000 0x0000000000000100 rw !x
fuse             0x0000000000820000 0x0000000000000003 rw !x
lock             0x0000000000830000 0x0000000000000400 rw !x
signature        0x0000000000840000 0x0000000000000400 rw !x
user_signatures  0x0000000000850000 0x0000000000000400 rw !x
*default*        0x0000000000000000 0xffffffffffffffff

Linker script and memory map

LOAD C:/Program Files (x86)/Atmel/Studio/7.0/Packs/atmel/ATtiny_DFP/1.8.332/xc8/avr/lib/avr25/memx-const/crtattiny45.o
LOAD batteryHealthMonitor.o
LOAD bhmUtils/ADCscale.o
LOAD bhmUtils/bhmDisplay.o
LOAD bhmUtils/bhmUtils.o
LOAD font/fnt.o
LOAD SSD1306_driver/SSD1306_driver.o
LOAD TinyADC/TinyADC.o
LOAD TinyEeprom/TinyEeprom.o
LOAD TinyTWI/TinyTWI.o
START GROUP
LOAD c:/program files/microchip/xc8/v2.31/avr/bin/../lib/gcc/avr/5.4.0/../../../../avr/lib/avr25/memx-const\libm.a
END GROUP
START GROUP
LOAD c:/program files/microchip/xc8/v2.31/avr/bin/../lib/gcc/avr/5.4.0/avr25/memx-const\libgcc.a
LOAD c:/program files/microchip/xc8/v2.31/avr/bin/../lib/gcc/avr/5.4.0/../../../../avr/lib/avr25/memx-const\libm.a
LOAD c:/program files/microchip/xc8/v2.31/avr/bin/../lib/gcc/avr/5.4.0/../../../../avr/lib/avr25/memx-const\libc.a
LOAD C:/Program Files (x86)/Atmel/Studio/7.0/Packs/atmel/ATtiny_DFP/1.8.332/xc8/avr/lib/avr25/memx-const\libattiny45.a
END GROUP
                0x0000000000000000                __TEXT_REGION_ORIGIN__ = DEFINED (__TEXT_REGION_ORIGIN__)?__TEXT_REGION_ORIGIN__:0x0
                [0x0000000000800060]                __DATA_REGION_ORIGIN__ = DEFINED (__DATA_REGION_ORIGIN__)?__DATA_REGION_ORIGIN__:0x800060
                [0x0000000000001000]                __TEXT_REGION_LENGTH__ = DEFINED (__TEXT_REGION_LENGTH__)?__TEXT_REGION_LENGTH__:0x2000
                [0x0000000000000100]                __DATA_REGION_LENGTH__ = DEFINED (__DATA_REGION_LENGTH__)?__DATA_REGION_LENGTH__:0xffa0
                [0x0000000000000100]                __EEPROM_REGION_LENGTH__ = DEFINED (__EEPROM_REGION_LENGTH__)?__EEPROM_REGION_LENGTH__:0x10000
                [0x0000000000000003]                __FUSE_REGION_LENGTH__ = DEFINED (__FUSE_REGION_LENGTH__)?__FUSE_REGION_LENGTH__:0x400
                0x0000000000000400                __LOCK_REGION_LENGTH__ = DEFINED (__LOCK_REGION_LENGTH__)?__LOCK_REGION_LENGTH__:0x400
                0x0000000000000400                __SIGNATURE_REGION_LENGTH__ = DEFINED (__SIGNATURE_REGION_LENGTH__)?__SIGNATURE_REGION_LENGTH__:0x400
                0x0000000000000400                __USER_SIGNATURE_REGION_LENGTH__ = DEFINED (__USER_SIGNATURE_REGION_LENGTH__)?__USER_SIGNATURE_REGION_LENGTH__:0x400

.hash
 *(.hash)

.dynsym
 *(.dynsym)

.dynstr
 *(.dynstr)

.gnu.version
 *(.gnu.version)

.gnu.version_d
 *(.gnu.version_d)

.gnu.version_r
 *(.gnu.version_r)

.rel.init
 *(.rel.init)

.rela.init
 *(.rela.init)

.rel.text
 *(.rel.text)
 *(.rel.text.*)
 *(.rel.gnu.linkonce.t*)

.rela.text
 *(.rela.text)
 *(.rela.text.*)
 *(.rela.gnu.linkonce.t*)

.rel.fini
 *(.rel.fini)

.rela.fini
 *(.rela.fini)

.rel.rodata
 *(.rel.rodata)
 *(.rel.rodata.*)
 *(.rel.gnu.linkonce.r*)

.rela.rodata
 *(.rela.rodata)
 *(.rela.rodata.*)
 *(.rela.gnu.linkonce.r*)

.rel.data
 *(.rel.data)
 *(.rel.data.*)
 *(.rel.gnu.linkonce.d*)

.rela.data
 *(.rela.data)
 *(.rela.data.*)
 *(.rela.gnu.linkonce.d*)

.rel.ctors
 *(.rel.ctors)

.rela.ctors
 *(.rela.ctors)

.rel.dtors
 *(.rel.dtors)

.rela.dtors
 *(.rela.dtors)

.rel.got
 *(.rel.got)

.rela.got
 *(.rela.got)

.rel.bss
 *(.rel.bss)

.rela.bss
 *(.rela.bss)

.rel.plt
 *(.rel.plt)

.rela.plt
 *(.rela.plt)

.text           0x0000000000000000       0x7a
 *(.vectors)
 .vectors       0x0000000000000000       0x1e C:/Program Files (x86)/Atmel/Studio/7.0/Packs/atmel/ATtiny_DFP/1.8.332/xc8/avr/lib/avr25/memx-const/crtattiny45.o
                0x0000000000000000                __vector_default
                0x0000000000000000                __vectors
 *(.vectors)
 *(.progmem.gcc*)
 *(.dinit)
 .dinit         0x000000000000001e        0xc data_init
                0x000000000000002a                . = ALIGN (0x2)
 *fill*         0x000000000000002a        0x0 
                0x000000000000002a                __trampolines_start = .
 *(.trampolines)
 .trampolines   0x000000000000002a        0x0 linker stubs
 *(.trampolines*)
                0x000000000000002a                __trampolines_end = .
 *libprintf_flt.a:*(.progmem.data)
 *libc.a:*(.progmem.data)
                0x000000000000002a                . = ALIGN (0x2)
 *(.jumptables)
 *(.jumptables*)
 *(.lowtext)
 *(.lowtext*)
                0x000000000000002a                __ctors_start = .
 *(.ctors)
                0x000000000000002a                __ctors_end = .
                0x000000000000002a                __dtors_start = .
 *(.dtors)
                0x000000000000002a                __dtors_end = .
 SORT(*)(.ctors)
 SORT(*)(.dtors)
 *(.init0)
 .init0         0x000000000000002a        0x0 C:/Program Files (x86)/Atmel/Studio/7.0/Packs/atmel/ATtiny_DFP/1.8.332/xc8/avr/lib/avr25/memx-const/crtattiny45.o
                0x000000000000002a                __init
 *(.init0)
 *(.init1)
 *(.init1)
 *(.init2)
 .init2         0x000000000000002a        0xc C:/Program Files (x86)/Atmel/Studio/7.0/Packs/atmel/ATtiny_DFP/1.8.332/xc8/avr/lib/avr25/memx-const/crtattiny45.o
 *(.init2)
 *(.init3)
 *(.init3)
 *(.init4)
 .init4         0x0000000000000036       0x3c c:/program files/microchip/xc8/v2.31/avr/bin/../lib/gcc/avr/5.4.0/avr25/memx-const\libgcc.a(_copy_data.o)
                0x0000000000000036                __do_copy_data
                0x0000000000000064                __do_clear_bss
 *(.init4)
 *(.init5)
 *(.init5)
 *(.init6)
 *(.init6)
 *(.init7)
 *(.init7)
 *(.init8)
 *(.init8)
 *(.init9)
 .init9         0x0000000000000072        0x4 C:/Program Files (x86)/Atmel/Studio/7.0/Packs/atmel/ATtiny_DFP/1.8.332/xc8/avr/lib/avr25/memx-const/crtattiny45.o
 *(.init9)
                0x0000000000000076                . = ALIGN (0x2)
 *(.fini9)
 .fini9         0x0000000000000076        0x0 c:/program files/microchip/xc8/v2.31/avr/bin/../lib/gcc/avr/5.4.0/avr25/memx-const\libgcc.a(_exit.o)
                0x0000000000000076                _exit
                0x0000000000000076                exit
 *(.fini9)
 *(.fini8)
 *(.fini8)
 *(.fini7)
 *(.fini7)
 *(.fini6)
 *(.fini6)
 *(.fini5)
 *(.fini5)
 *(.fini4)
 *(.fini4)
 *(.fini3)
 *(.fini3)
 *(.fini2)
 *(.fini2)
 *(.fini1)
 *(.fini1)
 *(.fini0)
 .fini0         0x0000000000000076        0x4 c:/program files/microchip/xc8/v2.31/avr/bin/../lib/gcc/avr/5.4.0/avr25/memx-const\libgcc.a(_exit.o)
 *(.fini0)
                0x000000000000007a                _etext = .

.data           0x0000000000800060        0x0 load address 0x000000000000007a
                [!provide]                        PROVIDE (__data_start, .)
 *(.gnu.linkonce.d*)
 *(.gnu.linkonce.r*)
                0x0000000000800060                . = ALIGN (0x2)
                0x0000000000800060                _edata = .
                [!provide]                        PROVIDE (__data_end, .)

.bss            0x0000000000800060        0x0
                [!provide]                        PROVIDE (__bss_start, .)
 *(COMMON)
                [!provide]                        PROVIDE (__bss_end, .)
                0x000000000000007a                __data_load_start = LOADADDR (.data)
                0x000000000000007a                __data_load_end = (__data_load_start + SIZEOF (.data))

.noinit         0x0000000000800060        0x0
                [!provide]                        PROVIDE (__noinit_start, .)
 *(.noinit*)
                [!provide]                        PROVIDE (__noinit_end, .)
                0x0000000000800060                _end = .

.eeprom         0x0000000000810000        0x0
 *(.eeprom*)
                0x0000000000810000                __eeprom_end = .

.fuse
 *(.fuse)
 *(.lfuse)
 *(.hfuse)
 *(.efuse)

.lock
 *(.lock*)

.signature
 *(.signature*)

.user_signatures
 *(.user_signatures*)

.stab
 *(.stab)

.stabstr
 *(.stabstr)

.stab.excl
 *(.stab.excl)

.stab.exclstr
 *(.stab.exclstr)

.stab.index
 *(.stab.index)

.stab.indexstr
 *(.stab.indexstr)

.comment        0x0000000000000000       0x2f
 *(.comment)
 .comment       0x0000000000000000       0x2f batteryHealthMonitor.o
                                         0x30 (size before relaxing)
 .comment       0x000000000000002f       0x30 bhmUtils/ADCscale.o
 .comment       0x000000000000002f       0x30 bhmUtils/bhmDisplay.o
 .comment       0x000000000000002f       0x30 bhmUtils/bhmUtils.o
 .comment       0x000000000000002f       0x30 font/fnt.o
 .comment       0x000000000000002f       0x30 SSD1306_driver/SSD1306_driver.o
 .comment       0x000000000000002f       0x30 TinyADC/TinyADC.o
 .comment       0x000000000000002f       0x30 TinyEeprom/TinyEeprom.o
 .comment       0x000000000000002f       0x30 TinyTWI/TinyTWI.o

.note.gnu.build-id
 *(.note.gnu.build-id)

.debug
 *(.debug)

.line
 *(.line)

.debug_srcinfo
 *(.debug_srcinfo)

.debug_sfnames
 *(.debug_sfnames)

.debug_aranges
 *(.debug_aranges)

.debug_pubnames
 *(.debug_pubnames)

.debug_info     0x0000000000000000      0x420
 *(.debug_info .gnu.linkonce.wi.*)
 .debug_info    0x0000000000000000      0x420 C:/Program Files (x86)/Atmel/Studio/7.0/Packs/atmel/ATtiny_DFP/1.8.332/xc8/avr/lib/avr25/memx-const/crtattiny45.o

.debug_abbrev   0x0000000000000000      0x3e8
 *(.debug_abbrev)
 .debug_abbrev  0x0000000000000000      0x3e8 C:/Program Files (x86)/Atmel/Studio/7.0/Packs/atmel/ATtiny_DFP/1.8.332/xc8/avr/lib/avr25/memx-const/crtattiny45.o

.debug_line     0x0000000000000000       0xf5
 *(.debug_line .debug_line.* .debug_line_end)
 .debug_line    0x0000000000000000       0xf5 C:/Program Files (x86)/Atmel/Studio/7.0/Packs/atmel/ATtiny_DFP/1.8.332/xc8/avr/lib/avr25/memx-const/crtattiny45.o

.debug_frame
 *(.debug_frame)

.debug_str      0x0000000000000000      0x169
 *(.debug_str)
 .debug_str     0x0000000000000000      0x169 C:/Program Files (x86)/Atmel/Studio/7.0/Packs/atmel/ATtiny_DFP/1.8.332/xc8/avr/lib/avr25/memx-const/crtattiny45.o

.debug_loc
 *(.debug_loc)

.debug_macinfo
 *(.debug_macinfo)

.debug_weaknames
 *(.debug_weaknames)

.debug_funcnames
 *(.debug_funcnames)

.debug_typenames
 *(.debug_typenames)

.debug_varnames
 *(.debug_varnames)

.debug_pubtypes
 *(.debug_pubtypes)

.debug_ranges
 *(.debug_ranges)

.debug_macro
 *(.debug_macro)
OUTPUT(BatteryHealthMonitor.elf elf32-avr)
LOAD linker stubs
LOAD data_init

.note.gnu.avr.deviceinfo
                0x0000000000000000       0x3c
 .note.gnu.avr.deviceinfo
                0x0000000000000000       0x3c C:/Program Files (x86)/Atmel/Studio/7.0/Packs/atmel/ATtiny_DFP/1.8.332/xc8/avr/lib/avr25/memx-const/crtattiny45.o

.text           0x000000000000007a        0x2
 .text          0x000000000000007a        0x2 C:/Program Files (x86)/Atmel/Studio/7.0/Packs/atmel/ATtiny_DFP/1.8.332/xc8/avr/lib/avr25/memx-const/crtattiny45.o
                0x000000000000007a                __vector_1
                0x000000000000007a                __bad_interrupt
                0x000000000000007a                __vector_6
                0x000000000000007a                __vector_3
                0x000000000000007a                __vector_11
                0x000000000000007a                __vector_13
                0x000000000000007a                __vector_7
                0x000000000000007a                __vector_5
                0x000000000000007a                __vector_4
                0x000000000000007a                __vector_9
                0x000000000000007a                __vector_2
                0x000000000000007a                __vector_14
                0x000000000000007a                __vector_10

.text.__vector_12
                0x000000000000007c       0x14
 .text.__vector_12
                0x000000000000007c       0x14 batteryHealthMonitor.o
                0x000000000000007c                __vector_12

.text.startup.main
                0x0000000000000090       0x1a
 .text.startup.main
                0x0000000000000090       0x1a batteryHealthMonitor.o
                0x0000000000000090                main

.text.render_symbol
                0x00000000000000aa      0x132
 .text.render_symbol
                0x00000000000000aa      0x132 bhmUtils/bhmDisplay.o
                0x00000000000000aa                render_symbol

.text.write_char
                0x00000000000001dc        0xc
 .text.write_char
                0x00000000000001dc        0xc bhmUtils/bhmDisplay.o
                0x00000000000001dc                write_char

.text.draw_graphic
                0x00000000000001e8       0x42
 .text.draw_graphic
                0x00000000000001e8       0x42 bhmUtils/bhmDisplay.o
                0x00000000000001e8                draw_graphic

.text.clear_warning
                0x000000000000022a       0x10
 .text.clear_warning
                0x000000000000022a       0x10 bhmUtils/bhmDisplay.o
                0x000000000000022a                clear_warning

.text.display_warning
                0x000000000000023a       0x20
 .text.display_warning
                0x000000000000023a       0x20 bhmUtils/bhmDisplay.o
                0x000000000000023a                display_warning

.text.display_percent_charge
                0x000000000000025a       0xa6
 .text.display_percent_charge
                0x000000000000025a       0xa6 bhmUtils/bhmDisplay.o
                0x000000000000025a                display_percent_charge

.text.draw_percent_bar
                0x0000000000000300       0xa6
 .text.draw_percent_bar
                0x0000000000000300       0xa6 bhmUtils/bhmDisplay.o
                0x0000000000000300                draw_percent_bar

.text.display_voltage
                0x00000000000003a6       0x7e
 .text.display_voltage
                0x00000000000003a6       0x7e bhmUtils/bhmDisplay.o
                0x00000000000003a6                display_voltage

.text.update_display
                0x0000000000000424       0x34
 .text.update_display
                0x0000000000000424       0x34 bhmUtils/bhmDisplay.o
                0x0000000000000424                update_display

.text.measure_battery_voltage
                0x0000000000000458       0x8c
 .text.measure_battery_voltage
                0x0000000000000458       0x8c bhmUtils/bhmUtils.o
                0x0000000000000458                measure_battery_voltage

.text.characterLookup
                0x00000000000004e4       0x26
 .text.characterLookup
                0x00000000000004e4       0x26 font/fnt.o
                0x00000000000004e4                characterLookup

.text.SSD1306_init
                0x000000000000050a        0xe
 .text.SSD1306_init
                0x000000000000050a        0xe SSD1306_driver/SSD1306_driver.o
                0x000000000000050a                SSD1306_init

.text.SSD1306_set_cursor
                0x0000000000000518       0x2a
 .text.SSD1306_set_cursor
                0x0000000000000518       0x2a SSD1306_driver/SSD1306_driver.o
                0x0000000000000518                SSD1306_set_cursor

.text.SSD1306_clear_segment
                0x0000000000000542       0x76
 .text.SSD1306_clear_segment
                0x0000000000000542       0x76 SSD1306_driver/SSD1306_driver.o
                0x0000000000000542                SSD1306_clear_segment

.text.SSD1306_clear
                0x00000000000005b8       0x3a
 .text.SSD1306_clear
                0x00000000000005b8       0x3a SSD1306_driver/SSD1306_driver.o
                0x00000000000005b8                SSD1306_clear

.text.SSD1306_draw
                0x00000000000005f2       0x2a
 .text.SSD1306_draw
                0x00000000000005f2       0x2a SSD1306_driver/SSD1306_driver.o
                0x00000000000005f2                SSD1306_draw

.text.__vector_8
                0x000000000000061c       0x16
 .text.__vector_8
                0x000000000000061c       0x16 TinyADC/TinyADC.o
                0x000000000000061c                __vector_8

.text.adc_pin_select
                0x0000000000000632       0x4c
 .text.adc_pin_select
                0x0000000000000632       0x4c TinyADC/TinyADC.o
                0x0000000000000632                adc_pin_select

.text.adc_init  0x000000000000067e        0x6
 .text.adc_init
                0x000000000000067e        0x6 TinyADC/TinyADC.o
                0x000000000000067e                adc_init

.text.adc_read  0x0000000000000684       0x22
 .text.adc_read
                0x0000000000000684       0x22 TinyADC/TinyADC.o
                0x0000000000000684                adc_read

.text.adc_measure_ref
                0x00000000000006a6       0x32
 .text.adc_measure_ref
                0x00000000000006a6       0x32 TinyADC/TinyADC.o
                0x00000000000006a6                adc_measure_ref

.text.eeprom_read
                0x00000000000006d8       0x1e
 .text.eeprom_read
                0x00000000000006d8       0x1e TinyEeprom/TinyEeprom.o
                0x00000000000006d8                eeprom_read

.text.twi_init  0x00000000000006f6       0x1a
 .text.twi_init
                0x00000000000006f6       0x1a TinyTWI/TinyTWI.o
                0x00000000000006f6                twi_init

.text.twi_start
                0x0000000000000710       0x1a
 .text.twi_start
                0x0000000000000710       0x1a TinyTWI/TinyTWI.o
                0x0000000000000710                twi_start

.text.twi_stop  0x000000000000072a       0x22
 .text.twi_stop
                0x000000000000072a       0x22 TinyTWI/TinyTWI.o
                0x000000000000072a                twi_stop

.text.twi_byte_transfer
                0x000000000000074c       0x40
 .text.twi_byte_transfer
                0x000000000000074c       0x40 TinyTWI/TinyTWI.o
                0x000000000000074c                twi_byte_transfer

.text.twi_transmission
                0x000000000000078c       0xa2
 .text.twi_transmission
                0x000000000000078c       0xa2 TinyTWI/TinyTWI.o
                0x000000000000078c                twi_transmission

.text.avrlibc.fplib
                0x000000000000082e        0x4
 .text.avrlibc.fplib
                0x000000000000082e        0x4 c:/program files/microchip/xc8/v2.31/avr/bin/../lib/gcc/avr/5.4.0/../../../../avr/lib/avr25/memx-const\libm.a(divsf3.o)
                0x000000000000082e                __divsf3

.text.avrlibc.fplib
                0x0000000000000832       0xce
 .text.avrlibc.fplib
                0x0000000000000832       0xce c:/program files/microchip/xc8/v2.31/avr/bin/../lib/gcc/avr/5.4.0/../../../../avr/lib/avr25/memx-const\libm.a(divsf3x.o)
                0x0000000000000832                __divsf3x
                0x000000000000084e                __divsf3_pse

.text.avrlibc.fplib
                0x0000000000000900       0x58
 .text.avrlibc.fplib
                0x0000000000000900       0x58 c:/program files/microchip/xc8/v2.31/avr/bin/../lib/gcc/avr/5.4.0/../../../../avr/lib/avr25/memx-const\libm.a(fixunssfsi.o)
                0x0000000000000900                __fixunssfsi

.text.avrlibc.fplib
                0x0000000000000958       0x7a
 .text.avrlibc.fplib
                0x0000000000000958       0x7a c:/program files/microchip/xc8/v2.31/avr/bin/../lib/gcc/avr/5.4.0/../../../../avr/lib/avr25/memx-const\libm.a(floatsisf.o)
                0x0000000000000958                __floatunsisf
                0x000000000000095c                __floatsisf

.text.avrlibc.fplib
                0x00000000000009d2        0xc
 .text.avrlibc.fplib
                0x00000000000009d2        0xc c:/program files/microchip/xc8/v2.31/avr/bin/../lib/gcc/avr/5.4.0/../../../../avr/lib/avr25/memx-const\libm.a(fp_inf.o)
                0x00000000000009d2                __fp_inf

.text.avrlibc.fplib
                0x00000000000009de        0x6
 .text.avrlibc.fplib
                0x00000000000009de        0x6 c:/program files/microchip/xc8/v2.31/avr/bin/../lib/gcc/avr/5.4.0/../../../../avr/lib/avr25/memx-const\libm.a(fp_nan.o)
                0x00000000000009de                __fp_nan

.text.avrlibc.fplib
                0x00000000000009e4        0xe
 .text.avrlibc.fplib
                0x00000000000009e4        0xe c:/program files/microchip/xc8/v2.31/avr/bin/../lib/gcc/avr/5.4.0/../../../../avr/lib/avr25/memx-const\libm.a(fp_pscA.o)
                0x00000000000009e4                __fp_pscA

.text.avrlibc.fplib
                0x00000000000009f2        0xe
 .text.avrlibc.fplib
                0x00000000000009f2        0xe c:/program files/microchip/xc8/v2.31/avr/bin/../lib/gcc/avr/5.4.0/../../../../avr/lib/avr25/memx-const\libm.a(fp_pscB.o)
                0x00000000000009f2                __fp_pscB

.text.avrlibc.fplib
                0x0000000000000a00       0x22
 .text.avrlibc.fplib
                0x0000000000000a00       0x22 c:/program files/microchip/xc8/v2.31/avr/bin/../lib/gcc/avr/5.4.0/../../../../avr/lib/avr25/memx-const\libm.a(fp_round.o)
                0x0000000000000a00                __fp_round

.text.avrlibc.fplib
                0x0000000000000a22       0x44
 .text.avrlibc.fplib
                0x0000000000000a22       0x44 c:/program files/microchip/xc8/v2.31/avr/bin/../lib/gcc/avr/5.4.0/../../../../avr/lib/avr25/memx-const\libm.a(fp_split3.o)
                0x0000000000000a22                __fp_split3
                0x0000000000000a32                __fp_splitA

.text.avrlibc.fplib
                0x0000000000000a66        0xe
 .text.avrlibc.fplib
                0x0000000000000a66        0xe c:/program files/microchip/xc8/v2.31/avr/bin/../lib/gcc/avr/5.4.0/../../../../avr/lib/avr25/memx-const\libm.a(fp_zero.o)
                0x0000000000000a66                __fp_zero
                0x0000000000000a68                __fp_szero

.text.avrlibc.fplib
                0x0000000000000a74        0x4
 .text.avrlibc.fplib
                0x0000000000000a74        0x4 c:/program files/microchip/xc8/v2.31/avr/bin/../lib/gcc/avr/5.4.0/../../../../avr/lib/avr25/memx-const\libm.a(mulsf3.o)
                0x0000000000000a74                __mulsf3

.text.avrlibc.fplib
                0x0000000000000a78       0xd4
 .text.avrlibc.fplib
                0x0000000000000a78       0xd4 c:/program files/microchip/xc8/v2.31/avr/bin/../lib/gcc/avr/5.4.0/../../../../avr/lib/avr25/memx-const\libm.a(mulsf3x.o)
                0x0000000000000a78                __mulsf3x
                0x0000000000000a90                __mulsf3_pse

.text.libgcc.mul
                0x0000000000000b4c       0x12
 .text.libgcc.mul
                0x0000000000000b4c       0x12 c:/program files/microchip/xc8/v2.31/avr/bin/../lib/gcc/avr/5.4.0/avr25/memx-const\libgcc.a(_mulqi3.o)
                0x0000000000000b4c                __mulqi3

.text.libgcc.mul
                0x0000000000000b5e       0x32
 .text.libgcc.mul
                0x0000000000000b5e       0x32 c:/program files/microchip/xc8/v2.31/avr/bin/../lib/gcc/avr/5.4.0/avr25/memx-const\libgcc.a(_mulsi3.o)
                0x0000000000000b5e                __mulsi3
                0x0000000000000b62                __mulsi3_helper

.text.libgcc.div
                0x0000000000000b90       0x18
 .text.libgcc.div
                0x0000000000000b90       0x18 c:/program files/microchip/xc8/v2.31/avr/bin/../lib/gcc/avr/5.4.0/avr25/memx-const\libgcc.a(_udivmodqi4.o)
                0x0000000000000b90                __udivmodqi4

.text.libgcc.div
                0x0000000000000ba8       0x44
 .text.libgcc.div
                0x0000000000000ba8       0x44 c:/program files/microchip/xc8/v2.31/avr/bin/../lib/gcc/avr/5.4.0/avr25/memx-const\libgcc.a(_udivmodsi4.o)
                0x0000000000000ba8                __udivmodsi4

.data.qaunta    0x0000000000800060        0x4 load address 0x0000000000000bec
 .data.qaunta   0x0000000000800060        0x4 bhmUtils/ADCscale.o
                0x0000000000800060                qaunta

.data.voltage_txt
                0x0000000000800064        0xd load address 0x0000000000000bf0
 .data.voltage_txt
                0x0000000000800064        0xd bhmUtils/bhmDisplay.o
                0x0000000000800064                voltage_txt

.data.warning_txt
                0x0000000000800071       0x18 load address 0x0000000000000bfd
 .data.warning_txt
                0x0000000000800071       0x18 bhmUtils/bhmDisplay.o
                0x0000000000800071                warning_txt

.data.graphics  0x0000000000800089       0x10 load address 0x0000000000000c15
 .data.graphics
                0x0000000000800089       0x10 bhmUtils/bhmDisplay.o
                0x0000000000800089                graphics

.data.fnt_lut   0x0000000000800099       0x33 load address 0x0000000000000c25
 .data.fnt_lut  0x0000000000800099       0x33 font/fnt.o
                0x0000000000800099                fnt_lut

.data.char_width
                0x00000000008000cc        0x1 load address 0x0000000000000c58
 .data.char_width
                0x00000000008000cc        0x1 font/fnt.o
                0x00000000008000cc                char_width

.data.cursor_cmd
                0x00000000008000cd        0x6 load address 0x0000000000000c59
 .data.cursor_cmd
                0x00000000008000cd        0x6 SSD1306_driver/SSD1306_driver.o
                0x00000000008000cd                cursor_cmd

.data.initialization
                0x00000000008000d3       0x1a load address 0x0000000000000c5f
 .data.initialization
                0x00000000008000d3       0x1a SSD1306_driver/SSD1306_driver.o
                0x00000000008000d3                initialization

.data.adc_active_pin
                0x00000000008000ed        0x1 load address 0x0000000000000c79
 .data.adc_active_pin
                0x00000000008000ed        0x1 TinyADC/TinyADC.o
                0x00000000008000ed                adc_active_pin

.bss.cursor_col
                0x00000000008000ee        0x1
 .bss.cursor_col
                0x00000000008000ee        0x1 SSD1306_driver/SSD1306_driver.o
                0x00000000008000ee                cursor_col

.bss.cursor_pg  0x00000000008000ef        0x1
 .bss.cursor_pg
                0x00000000008000ef        0x1 SSD1306_driver/SSD1306_driver.o
                0x00000000008000ef                cursor_pg
